#!/BIN/BASH
this is my first log by git 
this is muy second log by git
just test
git commit is modified
